(fn(X::(*))=>fn(x:X)->x):(all(X::(*))=>X->X)
(fn(x:(all(X::(*))=>X->X))->x):((all(X::(*))=>X->X)->all(X::(*))=>X->X)
T :: *
k : T
TT :: kArr(*,*)
kk : TT
T :: *
x : abs(X,kArr(*,*),T)$T
