lambda x:Top.x : Top -> Top
lambda x:Top.x : Top
lambda x:Top.x : Top -> Top
lambda x:Bot.x : Bot -> Bot
lambda x:Bot.x x : Bot -> Bot
y : Bot -> Bot
x : Bot
y x : Bot
