(fn(X<:(*))=>fn(x:X)->x):(all(X::(*))=>X->X)
(fn(x:(all(X::(*))=>X->X))->x):((all(X::(*))=>X->X)->all(X::(*))=>X->X)
T :: *
k : T
TT :: (*)=>(*)
kk : TT
T :: *
x : (fn(X::((*)=>(*)))=>T)$T
