(fn(x:A)->x):(A->A)
(fn(x:bool)->x):(bool->bool)
true:bool
(fn(x:nat)->succ(x)):(nat->nat)
succ(succ(succ(0))):nat
