lambda x:Top.x : Top -> Top
lambda x:Top.x : Top
lambda x:Top.x : Top -> Top
lambda z:Top.z : Top
lambda x:Bool.x : Bool -> Bool
