true
false
0
1
false
true
true
if 0 then succ (pred 0) else 0
if 0 then 2 else 0
if 0 then succ (pred 1) else 0
