true
false
zero
succ(zero)
false
true
true
if(zero,succ(pred(zero),zero))
if(zero,succ(succ(zero),zero))
if(zero,succ(pred(succ(zero)),zero))
