tfn(X,top,fn(x,var(X),var(x))):all(X,top,arr(var(X),var(X)))
fn(x,all(X,top,arr(var(X),var(X))),var(x)):arr(all(X,top,arr(var(X),var(X))),all(X,top,arr(var(X),var(X))))
fn(x,top,var(x)):arr(top,top)
fn(x,top,var(x)):top
fn(x,top,var(x)):arr(top,top)
tfn(X,arr(top,top),fn(x,var(X),app(var(x),var(x)))):all(X,arr(top,top),arr(var(X),top))
x : top
x : top
var(x):top
T <: arr(top,top)
T <: arr(top,top)
x : var(T)
