true:bool
false:bool
zero:nat
succ(zero):nat
false:bool
true:bool
true:bool
