mTAbs(X,tTop,mAbs(x,tVar(X),mVar(x))):tAll(X,tTop,tArr(tVar(X),tVar(X)))
mAbs(x,tAll(X,tVar(X),tVar(X)),mVar(x)):tArr(tAll(X,tVar(X),tVar(X)),tAll(X,tVar(X),tVar(X)))
mAbs(x,tTop,mVar(x)):tArr(tTop,tTop)
mAbs(x,tTop,mVar(x)):tTop
mAbs(x,tTop,mVar(x)):tArr(tTop,tTop)
mTAbs(X,tArr(tTop,tTop),mAbs(x,tVar(X),mApp(mVar(x),mVar(x)))):tAll(X,tArr(tTop,tTop),tArr(tVar(X),tTop))
x : tTop
x : tTop
mVar(x):tTop
T <: tArr(tTop,tTop)
T <: tArr(tTop,tTop)
x : tVar(T)
