mAbs(x,tTop,mVar(x)):tArr(tTop,tTop)
mAbs(x,tTop,mVar(x)):tTop
mAbs(x,tTop,mVar(x)):tArr(tTop,tTop)
mAbs(r,tRecord([x:tArr(tTop,tTop)]),mApp(mProj(mVar(r),x),mProj(mVar(r),x))):tArr(tRecord([x:tArr(tTop,tTop)]),tTop)
mRecord([x=mAbs(z,tTop,mVar(z)),y=mAbs(z,tTop,mVar(z))]):tRecord([x:tArr(tTop,tTop),y:tArr(tTop,tTop)])
mAbs(x,tBot,mVar(x)):tArr(tBot,tBot)
mAbs(x,tBot,mApp(mVar(x),mVar(x))):tArr(tBot,tBot)
x : tTop
y : tBot
mRecord([1=mVar(x),2=mVar(y)]):tRecord([1:tTop,2:tBot])
