mAbs(x,tTop,mVar(x)):tArr(tTop,tTop)
mAbs(x,tTop,mVar(x)):tTop
mAbs(x,tTop,mVar(x)):tArr(tTop,tTop)
mAbs(x,tBot,mVar(x)):tArr(tBot,tBot)
mAbs(x,tBot,mApp(mVar(x),mVar(x))):tArr(tBot,tBot)
y : tArr(tBot,tBot)
x : tBot
mApp(mVar(y),mVar(x)):tBot
