mAbs(x,tBot,mVar(x)):tArr(tBot,tBot)
mAbs(x,tBot,mApp(mVar(x),mVar(x))):tArr(tBot,tBot)
mAbs(x,tVariant([a:tBool,b:tBool]),mVar(x)):tArr(tVariant([a:tBool,b:tBool]),tVariant([a:tBool,b:tBool]))
mAbs(x,tTop,mVar(x)):tArr(tTop,tTop)
mAbs(x,tTop,mVar(x)):tTop
mAbs(x,tTop,mVar(x)):tArr(tTop,tTop)
mApp(mProj(mRecord([x=mAbs(z,tTop,mVar(z)),y=mAbs(z,tTop,mVar(z))]),x),mProj(mRecord([x=mAbs(z,tTop,mVar(z)),y=mAbs(z,tTop,mVar(z))]),x)):tTop
mString(hello):tString
mUnit:tUnit
mRecord([x=mTrue,y=mFalse]):tRecord([x:tBool,y:tBool])
mTrue:tBool
mRecord([1=mTrue,2=mFalse]):tRecord([1:tBool,2:tBool])
mTrue:tBool
mRecord([x=mTrue,y=mFalse,a=mFalse]):tRecord([x:tTop,y:tBool])
mTrue:tBool
mFalse:tBool
mFloat(6.28318):tFloat
mTAbs(X,tTop,mAbs(x,tVar(X),mVar(x))):tAll(X,tTop,tArr(tVar(X),tVar(X)))
mTAbs(X,tArr(tTop,tTop),mAbs(x,tVar(X),mApp(mVar(x),mVar(x)))):tAll(X,tArr(tTop,tTop),tArr(tVar(X),tTop))
mAbs(x,tBool,mVar(x)):tArr(tBool,tBool)
mError:tBool
mError:tBot
mError:tBool
mAbs(x,tNat,mSucc(mVar(x))):tArr(tNat,tNat)
mSucc(mSucc(mSucc(mZero))):tNat
TbTAbb(tArr(tNat,tNat),some(kStar))
mAbs(f,tVar(T),mAbs(x,tNat,mApp(mVar(f),mApp(mVar(f),mVar(x))))):tArr(tVar(T),tArr(tNat,tNat))
